// Jest Snapshot v1, https://goo.gl/fbAQLP

exports[`<Catalogo /> should render 1`] = `
.c2 {
  height: 100vh;
  border-radius: 5px;
  background: white;
  padding: 3.2rem;
}

.c0 {
  position: relative;
  z-index: 1;
  height: 100vh;
  display: -webkit-box;
  display: -webkit-flex;
  display: -ms-flexbox;
  display: flex;
  -webkit-flex-direction: column;
  -ms-flex-direction: column;
  flex-direction: column;
  -webkit-transition: -webkit-transform 0.5s;
  -webkit-transition: transform 0.5s;
  transition: transform 0.5s;
  -webkit-transform: translateX(-100%);
  -ms-transform: translateX(-100%);
  transform: translateX(-100%);
  position: absolute;
  top: 0;
  width: 360px;
}

.c0 .c1 {
  -webkit-flex: 1;
  -ms-flex: 1;
  flex: 1;
  display: -webkit-box;
  display: -webkit-flex;
  display: -ms-flexbox;
  display: flex;
  -webkit-flex-direction: column;
  -ms-flex-direction: column;
  flex-direction: column;
}

.c6 {
  -webkit-flex: 1;
  -ms-flex: 1;
  flex: 1;
}

.c10 {
  display: block;
  background-color: #f6f4f4;
  width: 230px;
  height: 300px;
  border-radius: 2.4rem;
  position: absolute;
  z-index: -1;
  top: 40px;
}

.c11 {
  display: -webkit-box;
  display: -webkit-flex;
  display: -ms-flexbox;
  display: flex;
  -webkit-box-pack: center;
  -webkit-justify-content: center;
  -ms-flex-pack: center;
  justify-content: center;
  gap: 3px;
  position: absolute;
  left: 150px;
  bottom: 290px;
}

.c9 {
  -webkit-transition: -webkit-transform 0.2s ease-out;
  -webkit-transition: transform 0.2s ease-out;
  transition: transform 0.2s ease-out;
}

.c9 div {
  padding: 1rem;
  height: 100%;
  width: 0px;
  height: 0px;
  display: -webkit-box;
  display: -webkit-flex;
  display: -ms-flexbox;
  display: flex;
  -webkit-align-items: center;
  -webkit-box-align: center;
  -ms-flex-align: center;
  align-items: center;
  -webkit-box-pack: center;
  -webkit-justify-content: center;
  -ms-flex-pack: center;
  justify-content: center;
  -webkit-user-select: none;
  -moz-user-select: none;
  -ms-user-select: none;
  user-select: none;
}

.c9 img {
  max-width: 100%;
  max-height: 100%;
}

.c8 {
  all: initial;
  width: 100%;
  height: 100%;
  max-height: 100vh;
  display: -webkit-inline-box;
  display: -webkit-inline-flex;
  display: -ms-inline-flexbox;
  display: inline-flex;
  will-change: transform,scale;
  cursor: -webkit-grab;
  cursor: -moz-grab;
  cursor: grab;
}

.c8 .slide-outer {
  display: -webkit-box;
  display: -webkit-flex;
  display: -ms-flexbox;
  display: flex;
  -webkit-align-items: center;
  -webkit-box-align: center;
  -ms-flex-align: center;
  align-items: center;
}

.c7 {
  overflow: hidden;
  width: 100%;
  height: 100%;
  max-height: 100vh;
}

.c3 {
  display: -webkit-box;
  display: -webkit-flex;
  display: -ms-flexbox;
  display: flex;
  -webkit-box-pack: justify;
  -webkit-justify-content: space-between;
  -ms-flex-pack: justify;
  justify-content: space-between;
  -webkit-align-items: center;
  -webkit-box-align: center;
  -ms-flex-align: center;
  align-items: center;
}

.c5 {
  background: transparent;
  border: none;
  cursor: pointer;
  padding: 0.8rem;
  color: white;
  position: relative;
}

.c17 {
  font-family: 'Aclonica',sans-serif;
  color: #213e3a;
  margin-bottom: 2.4rem;
  font-size: 3.2rem;
  text-align: center;
}

.c24 {
  margin-bottom: 2.4rem;
  font-size: 1.6rem;
  font-family: 'Montserrat',sans-serif;
  text-align: justify;
}

.c14 {
  background-color: #303030;
  width: 100%;
  -webkit-flex: 0.7;
  -ms-flex: 0.7;
  flex: 0.7;
  border-radius: 3.2rem 3.2rem 0 0;
  padding: 3.2rem 4.0rem;
  display: -webkit-box;
  display: -webkit-flex;
  display: -ms-flexbox;
  display: flex;
  -webkit-flex-direction: column;
  -ms-flex-direction: column;
  flex-direction: column;
}

.c14 .c16 {
  color: white;
  margin-bottom: 0;
  font-size: 1.6rem;
}

.c14 > .c4 {
  text-align: center;
  background-color: #009d84;
  display: block;
  width: 85%;
  margin: 0 auto;
  border-radius: 5px;
  font-size: 1.6rem;
}

.c15 {
  display: -webkit-box;
  display: -webkit-flex;
  display: -ms-flexbox;
  display: flex;
  -webkit-box-pack: justify;
  -webkit-justify-content: space-between;
  -ms-flex-pack: justify;
  justify-content: space-between;
  margin-bottom: 2.4rem;
}

.c18 {
  -webkit-flex: 1;
  -ms-flex: 1;
  flex: 1;
  display: -webkit-box;
  display: -webkit-flex;
  display: -ms-flexbox;
  display: flex;
  -webkit-flex-direction: column;
  -ms-flex-direction: column;
  flex-direction: column;
}

.c19 {
  display: -webkit-box;
  display: -webkit-flex;
  display: -ms-flexbox;
  display: flex;
  -webkit-box-pack: justify;
  -webkit-justify-content: space-between;
  -ms-flex-pack: justify;
  justify-content: space-between;
  padding: 0 0.8rem;
  position: relative;
}

.c22 {
  -webkit-flex: 1;
  -ms-flex: 1;
  flex: 1;
  display: -webkit-box;
  display: -webkit-flex;
  display: -ms-flexbox;
  display: flex;
  -webkit-flex-direction: column;
  -ms-flex-direction: column;
  flex-direction: column;
}

.c22 .c23 {
  padding: 0.8rem;
  color: #c7c8c8;
  font-size: 1.3rem;
  -webkit-flex: 1;
  -ms-flex: 1;
  flex: 1;
  max-height: 60px;
  overflow: auto;
}

.c20 {
  position: relative;
  -webkit-letter-spacing: 0.05rem;
  -moz-letter-spacing: 0.05rem;
  -ms-letter-spacing: 0.05rem;
  letter-spacing: 0.05rem;
}

.c20::after {
  display: none;
  content: "";
  background-color: #1b6359;
  width: 100%;
  height: 3px;
  position: absolute;
  left: -1%;
  display: block;
}

.c21 {
  position: relative;
  -webkit-letter-spacing: 0.05rem;
  -moz-letter-spacing: 0.05rem;
  -ms-letter-spacing: 0.05rem;
  letter-spacing: 0.05rem;
}

.c21::after {
  display: none;
  content: "";
  background-color: #1b6359;
  width: 100%;
  height: 3px;
  position: absolute;
  left: -1%;
}

.c12 {
  display: inline-block;
  border-radius: 50%;
  height: 0.8rem;
  width: 0.8rem;
  background-color: #303030;
}

.c13 {
  display: inline-block;
  border-radius: 50%;
  height: 0.8rem;
  width: 0.8rem;
  background-color: #c7c8c8;
}

<div>
  <div
    class="c0"
  >
    <div
      class="c1 c2"
    >
      <nav
        class="c3"
      >
        <button
          class="c4 c5"
        >
          <img
            class=""
            src="/assets/images/menu-dark.png"
          />
        </button>
        <button
          class="c4 c5"
        >
          <img
            class=""
            src="/assets/images/short-logo-dark.png"
          />
        </button>
        <button
          class="c4 c5"
        >
          <img
            class=""
            src="/assets/images/cart-dark.png"
          />
        </button>
      </nav>
      <div
        class="c6"
      >
        <div
          class="c7 SliderWrapper"
        >
          <div
            class="c8 SliderStyles"
            style="transform: translateX(0px);"
          >
            <div
              class="slide-outer"
            >
              <div
                class="c9 SlideStyles"
              >
                <div
                  class="slide-inner"
                  unselectable="on"
                >
                  <div
                    class=""
                  >
                    <img
                      class=""
                      src="/assets/images/plant.png"
                    />
                    <span
                      class="c10"
                    />
                  </div>
                </div>
              </div>
            </div>
            <div
              class="slide-outer"
            >
              <div
                class="c9 SlideStyles"
              >
                <div
                  class="slide-inner"
                  unselectable="on"
                >
                  <div
                    class=""
                  >
                    <img
                      class=""
                      src="/assets/images/plant.png"
                    />
                    <span
                      class="c10"
                    />
                  </div>
                </div>
              </div>
            </div>
            <div
              class="slide-outer"
            >
              <div
                class="c9 SlideStyles"
              >
                <div
                  class="slide-inner"
                  unselectable="on"
                >
                  <div
                    class=""
                  >
                    <img
                      class=""
                      src="/assets/images/plant.png"
                    />
                    <span
                      class="c10"
                    />
                  </div>
                </div>
              </div>
            </div>
            <div
              class="slide-outer"
            >
              <div
                class="c9 SlideStyles"
              >
                <div
                  class="slide-inner"
                  unselectable="on"
                >
                  <div
                    class=""
                  >
                    <img
                      class=""
                      src="/assets/images/plant.png"
                    />
                    <span
                      class="c10"
                    />
                  </div>
                </div>
              </div>
            </div>
            <div
              class="slide-outer"
            >
              <div
                class="c9 SlideStyles"
              >
                <div
                  class="slide-inner"
                  unselectable="on"
                >
                  <div
                    class=""
                  >
                    <img
                      class=""
                      src="/assets/images/plant.png"
                    />
                    <span
                      class="c10"
                    />
                  </div>
                </div>
              </div>
            </div>
          </div>
        </div>
      </div>
    </div>
    <div
      class="c11"
    >
      <span
        class="c12"
      />
      <span
        class="c13"
      />
      <span
        class="c13"
      />
      <span
        class="c13"
      />
      <span
        class="c13"
      />
    </div>
    <div
      class="c14"
    >
      <div
        class="c15"
      >
        <h1
          class="c16 c17"
        >
          Cacto Plant 1
        </h1>
        <h1
          class="c16 c17"
        >
          R$:21.00
        </h1>
      </div>
      <div
        class="c18"
      >
        <div
          class="c19"
        >
          <button
            class="c4 c5 c20"
          >
            Details
          </button>
          <button
            class="c4 c5 c21"
          >
            Reviews
          </button>
          <button
            class="c4 c5 c21"
          >
            About
          </button>
        </div>
        <div
          class="c22"
        >
          <p
            class="c23 c24"
          >
            Cactus are succulent perennial plants 1
          </p>
        </div>
      </div>
      <button
        class="c4 c5"
      >
        Add To Cart
      </button>
    </div>
  </div>
</div>
`;
