// Jest Snapshot v1, https://goo.gl/fbAQLP

exports[`<PlantInfo /> should match snapshot 1`] = `
.c3 {
  font-family: 'Aclonica',sans-serif;
  color: #213e3a;
  margin-bottom: 2.4rem;
  font-size: 3.2rem;
  text-align: center;
}

.c7 {
  background: transparent;
  border: none;
  cursor: pointer;
  padding: 0.8rem;
  color: white;
}

.c12 {
  margin-bottom: 2.4rem;
  font-size: 1.6rem;
  font-family: 'Montserrat',sans-serif;
  text-align: justify;
}

.c0 {
  background-color: #303030;
  width: 100%;
  -webkit-flex: 0.7;
  -ms-flex: 0.7;
  flex: 0.7;
  border-radius: 3.2rem 3.2rem 0 0;
  padding: 3.2rem 4.0rem;
  display: -webkit-box;
  display: -webkit-flex;
  display: -ms-flexbox;
  display: flex;
  -webkit-flex-direction: column;
  -ms-flex-direction: column;
  flex-direction: column;
}

.c0 .c2 {
  color: white;
  margin-bottom: 0;
  font-size: 1.6rem;
}

.c0 > .c6 {
  text-align: center;
  background-color: #009d84;
  display: block;
  width: 85%;
  margin: 0 auto;
  border-radius: 5px;
  font-size: 1.6rem;
}

.c1 {
  display: -webkit-box;
  display: -webkit-flex;
  display: -ms-flexbox;
  display: flex;
  -webkit-box-pack: justify;
  -webkit-justify-content: space-between;
  -ms-flex-pack: justify;
  justify-content: space-between;
  margin-bottom: 2.4rem;
}

.c4 {
  -webkit-flex: 1;
  -ms-flex: 1;
  flex: 1;
  display: -webkit-box;
  display: -webkit-flex;
  display: -ms-flexbox;
  display: flex;
  -webkit-flex-direction: column;
  -ms-flex-direction: column;
  flex-direction: column;
}

.c5 {
  display: -webkit-box;
  display: -webkit-flex;
  display: -ms-flexbox;
  display: flex;
  -webkit-box-pack: justify;
  -webkit-justify-content: space-between;
  -ms-flex-pack: justify;
  justify-content: space-between;
  padding: 0 0.8rem;
  position: relative;
}

.c10 {
  -webkit-flex: 1;
  -ms-flex: 1;
  flex: 1;
  display: -webkit-box;
  display: -webkit-flex;
  display: -ms-flexbox;
  display: flex;
  -webkit-flex-direction: column;
  -ms-flex-direction: column;
  flex-direction: column;
}

.c10 .c11 {
  padding: 0.8rem;
  color: #c7c8c8;
  font-size: 1.3rem;
  -webkit-flex: 1;
  -ms-flex: 1;
  flex: 1;
  max-height: 60px;
  overflow: auto;
}

.c8 {
  position: relative;
  -webkit-letter-spacing: 0.05rem;
  -moz-letter-spacing: 0.05rem;
  -ms-letter-spacing: 0.05rem;
  letter-spacing: 0.05rem;
}

.c8::after {
  display: none;
  content: "";
  background-color: #1b6359;
  width: 100%;
  height: 3px;
  position: absolute;
  left: -1%;
  display: block;
}

.c9 {
  position: relative;
  -webkit-letter-spacing: 0.05rem;
  -moz-letter-spacing: 0.05rem;
  -ms-letter-spacing: 0.05rem;
  letter-spacing: 0.05rem;
}

.c9::after {
  display: none;
  content: "";
  background-color: #1b6359;
  width: 100%;
  height: 3px;
  position: absolute;
  left: -1%;
}

<div>
  <div
    class="c0"
  >
    <div
      class="c1"
    >
      <h1
        class="c2 c3"
      >
        Cacto Plant 1
      </h1>
      <h1
        class="c2 c3"
      >
        R$ 21.00
      </h1>
    </div>
    <div
      class="c4"
    >
      <div
        class="c5"
      >
        <button
          class="c6 c7 c8"
        >
          Details
        </button>
        <button
          class="c6 c7 c9"
        >
          Reviews
        </button>
        <button
          class="c6 c7 c9"
        >
          About
        </button>
      </div>
      <div
        class="c10"
      >
        <p
          class="c11 c12"
        >
          Cactus are succulent perennial plants 1
        </p>
      </div>
    </div>
    <button
      class="c6 c7"
    >
      Add To Cart
    </button>
  </div>
</div>
`;
