// Jest Snapshot v1, https://goo.gl/fbAQLP

exports[`Loading should match snapshot 1`] = `
.c2 {
  height: 100vh;
  border-radius: 5px;
  background: white;
  background: url(/assets/images/background-home.png);
  background-repeat: no-repeat;
  background-size: cover;
  padding: 3.2rem;
}

.c0 .c1 {
  display: -webkit-box;
  display: -webkit-flex;
  display: -ms-flexbox;
  display: flex;
  -webkit-align-items: center;
  -webkit-box-align: center;
  -ms-flex-align: center;
  align-items: center;
  -webkit-box-pack: center;
  -webkit-justify-content: center;
  -ms-flex-pack: center;
  justify-content: center;
}

<div>
  <div
    class="c0"
  >
    <div
      class="c1 c2"
    >
      <img
        class=""
        src="/assets/images/logo-light.png"
      />
    </div>
  </div>
</div>
`;
